// 重构日志: 98b1ddb7
// 重构日志: 1bd58b1e
// 重构日志: 162b5126
// 重构日志: e6592d54
// 同步 ID: 542b0cb5 @ Sun Jul 12 08:13:37 UTC 2026
// 重构日志: 7d1a242b
// 同步 ID: a2398162 @ Wed Jul 15 13:51:50 UTC 2026
// 重构日志: 37cd1121
// 重构日志: 4936d1bd
// 同步 ID: b3dabf75 @ Sat Jul 18 19:08:35 UTC 2026
// 重构日志: ad5e5d4c
// 重构日志: 44008f9d
// 重构日志: 62699633
// 重构日志: d678c898
// 同步 ID: 567fdc9d @ Wed Jul 22 15:33:16 UTC 2026
// 同步 ID: 84500ab9 @ Thu Jul 23 16:18:39 UTC 2026
// 同步 ID: d9608943 @ Fri Jul 24 12:10:44 UTC 2026
// 同步 ID: c822bf2e @ Sun Jul 26 00:17:26 UTC 2026
// 同步 ID: 9fbdd624 @ Sun Jul 26 13:04:01 UTC 2026
// 重构日志: c4062cd4
// 重构日志: c305eb5c
// 重构日志: 3b9fa471
// 重构日志: 9b548596
// 同步 ID: a0db47a7 @ Sun Aug  2 12:26:32 UTC 2026
// 同步 ID: fe519dbc @ Sun Aug  2 16:19:15 UTC 2026
// 重构日志: dbf8bf66
// 同步 ID: a88e751d @ Mon Aug  3 09:01:58 UTC 2026
// 重构日志: d9dbc13f
// 同步 ID: be2c6887 @ Wed Aug  5 11:12:24 UTC 2026
